[    1373ms] [WARNING] Two extensions have same priority #3 - SystemPropertiesCollector, SystemPropertiesCollector @ https://myaccount.microsoft.com/shell/bundle/chunk-vendors-node_modules_microsoft_1ds-core-js_dist-es5_AppInsightsCore_js-node_modules_microsoft-755f84-shell-569ea83676bb4f81.js:0
[    1380ms] [WARNING] Two extensions have same priority #3 - SystemPropertiesCollector, SystemPropertiesCollector @ https://myaccount.microsoft.com/shell/bundle/chunk-vendors-node_modules_microsoft_1ds-core-js_dist-es5_AppInsightsCore_js-node_modules_microsoft-755f84-shell-569ea83676bb4f81.js:0
[    1541ms] [LOG] fullURL https://myaccount.microsoft.com/ @ https://myaccount.microsoft.com/shell/bundle/chunk-vendors-node_modules_iamexperiences_feature-auth_lib_module_index_js-shell-80053bf83f17caff.js:10
[    1541ms] [LOG] urlSuffix / @ https://myaccount.microsoft.com/shell/bundle/chunk-vendors-node_modules_iamexperiences_feature-auth_lib_module_index_js-shell-80053bf83f17caff.js:10
[    1541ms] [LOG] match null @ https://myaccount.microsoft.com/shell/bundle/chunk-vendors-node_modules_iamexperiences_feature-auth_lib_module_index_js-shell-80053bf83f17caff.js:10
[    1541ms] [LOG] tenant domain undefined @ https://myaccount.microsoft.com/shell/bundle/chunk-vendors-node_modules_iamexperiences_feature-auth_lib_module_index_js-shell-80053bf83f17caff.js:10
[    2375ms] [WARNING] Two extensions have same priority #3 - SystemPropertiesCollector, SystemPropertiesCollector @ https://myaccount.microsoft.com/shell/bundle/chunk-vendors-node_modules_microsoft_1ds-core-js_dist-es5_AppInsightsCore_js-node_modules_microsoft-755f84-shell-569ea83676bb4f81.js:0
[    2378ms] [WARNING] Two extensions have same priority #3 - SystemPropertiesCollector, SystemPropertiesCollector @ https://myaccount.microsoft.com/shell/bundle/chunk-vendors-node_modules_microsoft_1ds-core-js_dist-es5_AppInsightsCore_js-node_modules_microsoft-755f84-shell-569ea83676bb4f81.js:0
[    2392ms] [LOG] fullURL https://myaccount.microsoft.com/#code=1.AcoAzxNiRXNwxke_SUG2VK1Em9fqWYwD1ydKnlXJagBUyNIAAADKAA.BQABBAIAAAADAOz_BQD0_0V2b1N0c0FydGlmYWN0cwIAAAAAAJVlGGRDX8H_FukjysXmRblV9IS4eTp7ZNffP0e4JMyFUPIJCDMPvzHWTuBtx_wwIXOsPT5MV1pxfh81oCUnqV1DtzjTjRsxW2LQ78zhwTla6mm0l-TEo1oBAX_CA367kE92tiP6PmiMLz2q2Wocs9F62cojWGAfy0sI6sD5ZWC9h26pZmlEfQUPupt_hdKpHcH26xg0S5n0SfmABdhIn9FaneczHdpKFq--pqylW6FMIpUU_iYYV-tS3Y5oGdVIr5l-d0gu8YR9fNi1_7EkKjaPjTovuCBJqiMPTG6U0STe_Rug0QQlSItsBd_fv7ET7CSVPQpy6u-XyjM3MiRGTyUyX7ioK4lXX5IF6iTg0e342eQN5EJaiDbJPAVwoGFvCNysBNz8C7pse_umtBXMiEOzN4tbnhzXTcj52Q22yKBHRnpMwlp-AQHJJKSFKncQCLAQjoB19ul0eLE4XEXz0n6E7ADAkDQbmhX_VTt-AyZaCPLtT1LASafdg2dNe42tCT4xHByv_4eBva3GGVveA8nnG-vgfsVA6FD-qXBed2w_QxtZaBJnqaC6yV5EuBmdKF-CSmwFYGr4svouSZnl4eIQCYUCNGkBRsCS7nNKo3d1qF7iAHrICkeuTVnWzZSSfPNPT5TMiYMZAobPnpN45ifRCFRJBDOokMY5o8Qvns1_-OxSmyxO0iKanHrQy668dZSU87vgCtUnl4e-596E0srSdRzJepSqqe-NUr01eFwlAKIMjZt_tZz16PT4USpUuJDlQSSuXnbQR1Dnp_Ky2unQMQbmJj-J9WlvY7I1EFsw2ijpQ19GlnTt1Y2wWx9q1oCWPHFxF1FGEGaEi4mm9lZYDCZ_iy8m_QHqCbnDfEkZsn2Uk0DV8mOTVhFm6pvJLWQJQgNBj_IEIAnSO2n_GLAE_kqOOqJ9rbcnG2RXUN6Dtrb4lPZpYSkFP9JqTbozyGGNq2LXYBPN-4NZQQHVyFPQE_5-GVu-0qBjCHdNybbkjUixwtwIjKn6cYs9tJNQmKs1JAmRN1OS4QbW4Hs14eBdtro8B4F_Z9v5evmCch0ydHFr_sM31tSgZxtkmVh_LqatPh0k5ts7VKJfOBo9ZCDuOgnQivsrI5z03eM7hIHePoUOTnYMcOnL_gSO3PkHAh4kmzkisc0sE6L92Gyg7uFZqsQKSo8-aQ69usU-bkXWLGjXxY9_uxsTTxJEsitXD5KSaad9_usDFw9SjdHXInc_ySYs58IQgLA6RlqyaOA1EWDKEcy9TZ-fbeaBw1Hnhl-x4frYznK4TeKdZ56vPyqiAjeaUU_MUhB2tTDbbZO2CyGN1Uk4LU3--MyPNOvC1yW43yXtbrHhox8NgORTuKbKwN4FqZSh0vR0hNUdHZiKVDqmSFx9dGtjaG4F7N26D84&cloud_instance_name=microsoftonline.com&cloud_instance_host_name=login.microsoftonline.com&cloud_graph_host_name=graph.windows.net&msgraph_host=graph.microsoft.com&client_info=eyJ1aWQiOiJkZGU1NjRmZi03NzFkLTRhMGYtOGFhMS03YThmOGE0NWVmOGYiLCJ1dGlkIjoiNDU2MjEzY2YtNzA3My00N2M2LWJmNDktNDFiNjU0YWQ0NDliIn0&state=eyJpZCI6IjAxOWU2YTVjLTU5MjMtNzdkZS1hMTZlLWQxNzI1NDA2NGYyOCIsIm1ldGEiOnsiaW50ZXJhY3Rpb25UeXBlIjoicmVkaXJlY3QifX0%3d&session_state=005071da-9d4a-1b3f-0308-b2761b9a09fa @ https://myaccount.microsoft.com/shell/bundle/chunk-vendors-node_modules_iamexperiences_feature-auth_lib_module_index_js-shell-80053bf83f17caff.js:10
[    2392ms] [LOG] urlSuffix /#code=1.AcoAzxNiRXNwxke_SUG2VK1Em9fqWYwD1ydKnlXJagBUyNIAAADKAA.BQABBAIAAAADAOz_BQD0_0V2b1N0c0FydGlmYWN0cwIAAAAAAJVlGGRDX8H_FukjysXmRblV9IS4eTp7ZNffP0e4JMyFUPIJCDMPvzHWTuBtx_wwIXOsPT5MV1pxfh81oCUnqV1DtzjTjRsxW2LQ78zhwTla6mm0l-TEo1oBAX_CA367kE92tiP6PmiMLz2q2Wocs9F62cojWGAfy0sI6sD5ZWC9h26pZmlEfQUPupt_hdKpHcH26xg0S5n0SfmABdhIn9FaneczHdpKFq--pqylW6FMIpUU_iYYV-tS3Y5oGdVIr5l-d0gu8YR9fNi1_7EkKjaPjTovuCBJqiMPTG6U0STe_Rug0QQlSItsBd_fv7ET7CSVPQpy6u-XyjM3MiRGTyUyX7ioK4lXX5IF6iTg0e342eQN5EJaiDbJPAVwoGFvCNysBNz8C7pse_umtBXMiEOzN4tbnhzXTcj52Q22yKBHRnpMwlp-AQHJJKSFKncQCLAQjoB19ul0eLE4XEXz0n6E7ADAkDQbmhX_VTt-AyZaCPLtT1LASafdg2dNe42tCT4xHByv_4eBva3GGVveA8nnG-vgfsVA6FD-qXBed2w_QxtZaBJnqaC6yV5EuBmdKF-CSmwFYGr4svouSZnl4eIQCYUCNGkBRsCS7nNKo3d1qF7iAHrICkeuTVnWzZSSfPNPT5TMiYMZAobPnpN45ifRCFRJBDOokMY5o8Qvns1_-OxSmyxO0iKanHrQy668dZSU87vgCtUnl4e-596E0srSdRzJepSqqe-NUr01eFwlAKIMjZt_tZz16PT4USpUuJDlQSSuXnbQR1Dnp_Ky2unQMQbmJj-J9WlvY7I1EFsw2ijpQ19GlnTt1Y2wWx9q1oCWPHFxF1FGEGaEi4mm9lZYDCZ_iy8m_QHqCbnDfEkZsn2Uk0DV8mOTVhFm6pvJLWQJQgNBj_IEIAnSO2n_GLAE_kqOOqJ9rbcnG2RXUN6Dtrb4lPZpYSkFP9JqTbozyGGNq2LXYBPN-4NZQQHVyFPQE_5-GVu-0qBjCHdNybbkjUixwtwIjKn6cYs9tJNQmKs1JAmRN1OS4QbW4Hs14eBdtro8B4F_Z9v5evmCch0ydHFr_sM31tSgZxtkmVh_LqatPh0k5ts7VKJfOBo9ZCDuOgnQivsrI5z03eM7hIHePoUOTnYMcOnL_gSO3PkHAh4kmzkisc0sE6L92Gyg7uFZqsQKSo8-aQ69usU-bkXWLGjXxY9_uxsTTxJEsitXD5KSaad9_usDFw9SjdHXInc_ySYs58IQgLA6RlqyaOA1EWDKEcy9TZ-fbeaBw1Hnhl-x4frYznK4TeKdZ56vPyqiAjeaUU_MUhB2tTDbbZO2CyGN1Uk4LU3--MyPNOvC1yW43yXtbrHhox8NgORTuKbKwN4FqZSh0vR0hNUdHZiKVDqmSFx9dGtjaG4F7N26D84&cloud_instance_name=microsoftonline.com&cloud_instance_host_name=login.microsoftonline.com&cloud_graph_host_name=graph.windows.net&msgraph_host=graph.microsoft.com&client_info=eyJ1aWQiOiJkZGU1NjRmZi03NzFkLTRhMGYtOGFhMS03YThmOGE0NWVmOGYiLCJ1dGlkIjoiNDU2MjEzY2YtNzA3My00N2M2LWJmNDktNDFiNjU0YWQ0NDliIn0&state=eyJpZCI6IjAxOWU2YTVjLTU5MjMtNzdkZS1hMTZlLWQxNzI1NDA2NGYyOCIsIm1ldGEiOnsiaW50ZXJhY3Rpb25UeXBlIjoicmVkaXJlY3QifX0%3d&session_state=005071da-9d4a-1b3f-0308-b2761b9a09fa @ https://myaccount.microsoft.com/shell/bundle/chunk-vendors-node_modules_iamexperiences_feature-auth_lib_module_index_js-shell-80053bf83f17caff.js:10
[    2393ms] [LOG] match null @ https://myaccount.microsoft.com/shell/bundle/chunk-vendors-node_modules_iamexperiences_feature-auth_lib_module_index_js-shell-80053bf83f17caff.js:10
[    2393ms] [LOG] tenant domain undefined @ https://myaccount.microsoft.com/shell/bundle/chunk-vendors-node_modules_iamexperiences_feature-auth_lib_module_index_js-shell-80053bf83f17caff.js:10
[    2799ms] [LOG] fullURL https://myaccount.microsoft.com/ @ https://myaccount.microsoft.com/shell/bundle/chunk-vendors-node_modules_iamexperiences_feature-auth_lib_module_index_js-shell-80053bf83f17caff.js:10
[    2799ms] [LOG] urlSuffix / @ https://myaccount.microsoft.com/shell/bundle/chunk-vendors-node_modules_iamexperiences_feature-auth_lib_module_index_js-shell-80053bf83f17caff.js:10
[    2800ms] [LOG] match null @ https://myaccount.microsoft.com/shell/bundle/chunk-vendors-node_modules_iamexperiences_feature-auth_lib_module_index_js-shell-80053bf83f17caff.js:10
[    2800ms] [LOG] tenant domain undefined @ https://myaccount.microsoft.com/shell/bundle/chunk-vendors-node_modules_iamexperiences_feature-auth_lib_module_index_js-shell-80053bf83f17caff.js:10
[    2853ms] [LOG] fullURL https://myaccount.microsoft.com/ @ https://myaccount.microsoft.com/shell/bundle/chunk-vendors-node_modules_iamexperiences_feature-auth_lib_module_index_js-shell-80053bf83f17caff.js:10
[    2853ms] [LOG] urlSuffix / @ https://myaccount.microsoft.com/shell/bundle/chunk-vendors-node_modules_iamexperiences_feature-auth_lib_module_index_js-shell-80053bf83f17caff.js:10
[    2853ms] [LOG] match null @ https://myaccount.microsoft.com/shell/bundle/chunk-vendors-node_modules_iamexperiences_feature-auth_lib_module_index_js-shell-80053bf83f17caff.js:10
[    2854ms] [LOG] tenant domain undefined @ https://myaccount.microsoft.com/shell/bundle/chunk-vendors-node_modules_iamexperiences_feature-auth_lib_module_index_js-shell-80053bf83f17caff.js:10
[    3469ms] [ERROR] Failed to load resource: the server responded with a status of 404 () @ https://graph.microsoft.com/v1.0/organization/456213cf-7073-47c6-bf49-41b654ad449b/branding/localizations/default/bannerLogo:0
[    3863ms] [ERROR] Failed to load resource: the server responded with a status of 404 () @ https://graph.microsoft.com/v1.0/me/photo/$value:0
[    3863ms] [WARNING] Could not load user photo: GraphError: Exception of type 'Microsoft.Fast.Profile.Core.Exception.ImageNotFoundException' was thrown.
    at GraphErrorHandler.constructErrorFromResponse (https://myaccount.microsoft.com/shell/bundle/chunk-vendors-node_modules_microsoft_microsoft-graph-client_lib_es_src_browser_index_js-shell-b82a64c257f014b1.js:4:32622)
    at GraphErrorHandler.<anonymous> (https://myaccount.microsoft.com/shell/bundle/chunk-vendors-node_modules_microsoft_microsoft-graph-client_lib_es_src_browser_index_js-shell-b82a64c257f014b1.js:4:32958)
    at Generator.next (<anonymous>)
    at https://myaccount.microsoft.com/shell/bundle/chunk-node_modules_tslib_tslib_es6_mjs-shell-c1aa61c99066fcc4.js:1:3782
    at new Promise (<anonymous>)
    at d (https://myaccount.microsoft.com/shell/bundle/chunk-node_modules_tslib_tslib_es6_mjs-shell-c1aa61c99066fcc4.js:1:3531)
    at GraphErrorHandler.getError (https://myaccount.microsoft.com/shell/bundle/chunk-vendors-node_modules_microsoft_microsoft-graph-client_lib_es_src_browser_index_js-shell-b82a64c257f014b1.js:4:32886)
    at GraphRequest.<anonymous> (https://myaccount.microsoft.com/shell/bundle/chunk-vendors-node_modules_microsoft_microsoft-graph-client_lib_es_src_browser_index_js-shell-b82a64c257f014b1.js:4:36756)
    at Generator.throw (<anonymous>)
    at c (https://myaccount.microsoft.com/shell/bundle/chunk-node_modules_tslib_tslib_es6_mjs-shell-c1aa61c99066fcc4.js:1:3638) @ https://myaccount.microsoft.com/shell/bundle/chunk-libs_shared-context_src_index_ts-_12360-shell-4bd3b5b91b1149b4.js:0
[    4686ms] [ERROR] Failed to load resource: the server responded with a status of 404 () @ https://graph.microsoft.com/v1.0/organization/456213cf-7073-47c6-bf49-41b654ad449b/branding/localizations/default/bannerLogo:0
[    5541ms] [ERROR] Failed to load resource: the server responded with a status of 404 () @ https://graph.microsoft.com/v1.0/me/photos/96x96/$value?state=5d60999d-aa80-478c-b3c6-e6ccf51a63df:0
[    5736ms] [ERROR] Failed to load resource: the server responded with a status of 404 () @ https://graph.microsoft.com/v1.0/me/photos/96x96/$value?state=86d7edaa-5b30-40f1-9317-9441026f5c83:0
[    5738ms] [ERROR] Failed to load resource: the server responded with a status of 404 () @ https://graph.microsoft.com/v1.0/me/photos/96x96/$value?state=0e9f096e-002d-4e68-9f5c-3732d80b1c83:0
[    5899ms] [ERROR] Failed to load resource: the server responded with a status of 404 () @ https://graph.microsoft.com/v1.0/me/photos/96x96/$value?state=7eb44ef1-08a1-44a4-a9e9-73c6f72f9680:0
[    6906ms] [ERROR] Failed to load resource: the server responded with a status of 404 () @ https://graph.microsoft.com/v1.0/organization/456213cf-7073-47c6-bf49-41b654ad449b/branding/localizations/default/bannerLogo:0
[    6909ms] [ERROR] GraphError: Resource '456213cf-7073-47c6-bf49-41b654ad449b' does not exist or one of its queried reference-property objects are not present.
    at GraphErrorHandler.constructErrorFromResponse (https://myaccount.microsoft.com/shell/bundle/chunk-vendors-node_modules_microsoft_microsoft-graph-client_lib_es_src_browser_index_js-shell-b82a64c257f014b1.js:4:32622)
    at GraphErrorHandler.<anonymous> (https://myaccount.microsoft.com/shell/bundle/chunk-vendors-node_modules_microsoft_microsoft-graph-client_lib_es_src_browser_index_js-shell-b82a64c257f014b1.js:4:32958)
    at Generator.next (<anonymous>)
    at https://myaccount.microsoft.com/shell/bundle/chunk-node_modules_tslib_tslib_es6_mjs-shell-c1aa61c99066fcc4.js:1:3782
    at new Promise (<anonymous>)
    at d (https://myaccount.microsoft.com/shell/bundle/chunk-node_modules_tslib_tslib_es6_mjs-shell-c1aa61c99066fcc4.js:1:3531)
    at GraphErrorHandler.getError (https://myaccount.microsoft.com/shell/bundle/chunk-vendors-node_modules_microsoft_microsoft-graph-client_lib_es_src_browser_index_js-shell-b82a64c257f014b1.js:4:32886)
    at GraphRequest.<anonymous> (https://myaccount.microsoft.com/shell/bundle/chunk-vendors-node_modules_microsoft_microsoft-graph-client_lib_es_src_browser_index_js-shell-b82a64c257f014b1.js:4:36756)
    at Generator.throw (<anonymous>)
    at c (https://myaccount.microsoft.com/shell/bundle/chunk-node_modules_tslib_tslib_es6_mjs-shell-c1aa61c99066fcc4.js:1:3638) @ https://myaccount.microsoft.com/shell/bundle/chunk-vendors-node_modules_react-query_es_index_js-shell-d309051428d8d8c1.js:0
