[     239ms] [WARNING] Error with Permissions-Policy header: Unrecognized feature: 'ambient-light-sensor'. @ :0
[     239ms] [WARNING] Error with Permissions-Policy header: Unrecognized feature: 'battery'. @ :0
[     856ms] [INFO] BSSO Telemetry: {"result":"Error","error":"NoExtension","type":"ChromeSsoTelemetry","data":{},"traces":["BrowserSSO Initialized","Creating ChromeBrowserCore provider","Sending message for method CreateProviderAsync","Received message for method CreateProviderAsync","Error: ChromeBrowserCore error NoExtension: Extension is not installed."]} @ https://aadcdn.msftauth.net/shared/1.0/content/js/BssoInterrupt_Core_9GPLBwek-swGv_tRKLyCgw2.js:17
[    1009ms] [ERROR] Failed to load resource: the server responded with a status of 404 () @ https://login.microsoftonline.com/favicon.ico:0
[    1422ms] [VERBOSE] [DOM] Input elements should have autocomplete attributes (suggested: "current-password"): (More info: https://goo.gl/9p2vKq) %o @ https://login.microsoftonline.com/organizations/oauth2/v2.0/authorize?client_id=c44b4083-3bb0-49c1-b47d-974e53cbdf3c&scope=https%3A%2F%2Fmanagement.core.windows.net%2F%2F.default%20openid%20profile%20offline_access&redirect_uri=https%3A%2F%2Fportal.azure.com%2Fauth%2Flogin%2F&client-request-id=019e6a57-b2a1-7b5d-9212-98c4d6699ac8&response_mode=fragment&client_info=1&nonce=019e6a57-b2a2-7b4a-b0a7-df845b027efe&state=eyJpZCI6IjAxOWU2YTU3LWIyYTItNzI0Mi05OWZlLWU2NzA3MTg1MjAxYSIsIm1ldGEiOnsiaW50ZXJhY3Rpb25UeXBlIjoicmVkaXJlY3QifX0%3D&x-client-SKU=msal.js.browser&x-client-VER=4.21.0&response_type=code&code_challenge=228XojS4-J5tzYEr40_KUmo7_OjtowvwBT89i75GyaI&code_challenge_method=S256&site_id=501430&instance_aware=true&sso_reload=true:0
[    1560ms] [ERROR] Framing 'https://portal.azure.com/' violates the following Content Security Policy directive: "frame-ancestors 'self'". The request has been blocked.
 @ :0
[  111047ms] [ERROR] Failed to load resource: the server responded with a status of 401 (Unauthorized) @ https://autologon.microsoftazuread-sso.com/gestao.gov.br/winauth/ssoprobe?client-request-id=019e6a57-b2a1-7b5d-9212-98c4d6699ac8&_=1779900703167:0
[  111437ms] [VERBOSE] [DOM] Input elements should have autocomplete attributes (suggested: "username"): (More info: https://goo.gl/9p2vKq) %o @ https://login.microsoftonline.com/organizations/oauth2/v2.0/authorize?client_id=c44b4083-3bb0-49c1-b47d-974e53cbdf3c&scope=https%3A%2F%2Fmanagement.core.windows.net%2F%2F.default%20openid%20profile%20offline_access&redirect_uri=https%3A%2F%2Fportal.azure.com%2Fauth%2Flogin%2F&client-request-id=019e6a57-b2a1-7b5d-9212-98c4d6699ac8&response_mode=fragment&client_info=1&nonce=019e6a57-b2a2-7b4a-b0a7-df845b027efe&state=eyJpZCI6IjAxOWU2YTU3LWIyYTItNzI0Mi05OWZlLWU2NzA3MTg1MjAxYSIsIm1ldGEiOnsiaW50ZXJhY3Rpb25UeXBlIjoicmVkaXJlY3QifX0%3D&x-client-SKU=msal.js.browser&x-client-VER=4.21.0&response_type=code&code_challenge=228XojS4-J5tzYEr40_KUmo7_OjtowvwBT89i75GyaI&code_challenge_method=S256&site_id=501430&instance_aware=true&sso_reload=true:0
[  141912ms] [ERROR] Failed to load resource: the server responded with a status of 404 () @ https://management.azure.com/providers/Microsoft.PortalServices/settings/default?api-version=2024-09-01-preview:0
[  142481ms] [WARNING] Error with Permissions-Policy header: Unrecognized feature: 'ambient-light-sensor'. @ :0
[  142481ms] [WARNING] Error with Permissions-Policy header: Unrecognized feature: 'battery'. @ :0
[  142906ms] [LOG] Version: 17.327.1.1
Session: 3de3d1cdc74243ec93d0f5b687e3e157 @ https://portal.azure.com/Content/Dynamic/wLrJsAztQbHV.js:382
[  143159ms] [WARNING] Error with Permissions-Policy header: Unrecognized feature: 'ambient-light-sensor'. @ :0
[  143159ms] [WARNING] Error with Permissions-Policy header: Unrecognized feature: 'battery'. @ :0
[  143218ms] [LOG] Extension: HubsExtension @ blob:https://portal.azure.com/92590649-12ce-4a57-a1d9-158f374d81cf:0
[  143263ms] [LOG] Extension: Microsoft_Azure_Copilot @ blob:https://portal.azure.com/92590649-12ce-4a57-a1d9-158f374d81cf:0
[  143598ms] [ERROR] Failed to load resource: the server responded with a status of 404 () @ https://graph.microsoft.com/v1.0/me/photo/$value:0
[  144172ms] [WARNING] <meta name="apple-mobile-web-app-capable" content="yes"> is deprecated. Please include <meta name="mobile-web-app-capable" content="yes"> @ https://portal.azure.com/#home:0
